---
source: crates/core/tests/snapshots.rs
assertion_line: 171
expression: "doc.read(ViewFilter::Active, \"default\", &clock)"
---
rows:
  - id: "3"
    title: Pay rent
    notes: ""
    done: false
    due: 604800
    due_label: 8 Jan
    due_state: Overdue
    list_id: default
    list_name: Tasks
  - id: "2"
    title: Call dentist
    notes: ""
    done: false
    due: 950400
    due_label: Tomorrow
    due_state: Later
    list_id: default
    list_name: Tasks
  - id: "1"
    title: Write report
    notes: ""
    done: false
    due: 864000
    due_label: Today
    due_state: Today
    list_id: default
    list_name: Tasks
  - id: "0"
    title: Buy milk
    notes: ""
    done: false
    due: ~
    due_label: ~
    due_state: None
    list_id: default
    list_name: Tasks
view: Active
current_list: default
lists:
  - id: default
    name: Tasks
    color: Blue
active_count: 4
can_undo: true
can_redo: false
revision: 12
